// Jest Snapshot v1, https://goo.gl/fbAQLP

exports[`test global style. global style snap shot 1`] = `""`;
