// Jest Snapshot v1, https://goo.gl/fbAQLP

exports[`test header component test <Header /> snapshot. 1`] = `
<header
  class="sc-bwzfXH dYdmEn"
  data-testid="display_header"
>
  <div
    class="sc-bxivhb lbSMGj"
    data-testid="display_prev_link"
  />
  <div
    class="sc-htpNat eIMEdU"
    data-testid="display_title"
  />
  <div
    class="sc-bxivhb sc-ifAKCX fpKaMr"
    data-testid="display_next_link"
  />
</header>
`;
