// Jest Snapshot v1, https://goo.gl/fbAQLP

exports[`test navigate component. <Navigation /> snapshot. 1`] = `
<header
  class="sc-bwzfXH dYdmEn"
>
  <div
    class="sc-bxivhb lbSMGj"
  />
  <div
    class="sc-htpNat eIMEdU"
  />
  <div
    class="sc-bxivhb sc-ifAKCX fpKaMr"
  />
</header>
`;
